<div>
    <h1></h1>
    <div>
        <img />
        <p><br />
	       <br />
	       <br />        
        </p>
    </div>
</div>
